// Jest Snapshot v1, https://goo.gl/fbAQLP

exports[`Prueba de GifItem debe hacer match con el snapshot 1`] = `
<div>
  <div
    class="card"
  >
    <img
      alt="Luffy"
      src="https://media2.giphy.com/media/fZdzEHC8sMC0E/giphy.gif?cid=a3fd93602nim556ngligta53mbrcvcbaalff75ri4606r127&ep=v1_gifs_search&rid=giphy.gif&ct=g"
    />
    <p>
      Luffy
    </p>
  </div>
</div>
`;
